// Jest Snapshot v1, https://goo.gl/fbAQLP

exports[`<Glow /> should render with a smile 1`] = `
<Glow
  className={null}
  color="#f7f7f7"
  styles={
    Object {
      "container": null,
      "glow": null,
    }
  }
>
  <div
    aria-hidden={true}
    className="position-relative"
    onTouchTap={[Function]}
    style={null}
  >
    <div
      className="position-absolute left-0 top-0 w-100P h-100P b-transparent _1dnc6ae z-index-0"
      style={Object {}}
    />
    <p>
      Glowing!
    </p>
  </div>
</Glow>
`;
