// Jest Snapshot v1, https://goo.gl/fbAQLP

exports[`<I18nProvider /> Given the component was mounted to the DOM should match snapshot 1`] = `
ShallowWrapper {
  "complexSelector": ComplexSelector {
    "buildPredicate": [Function],
    "childrenOfNode": [Function],
    "findWhereUnwrapped": [Function],
  },
  "length": 1,
  "node": null,
  "nodes": Array [
    null,
  ],
  "options": Object {},
  "renderer": ReactShallowRenderer {
    "_instance": ShallowComponentWrapper {
      "_calledComponentWillUnmount": false,
      "_compositeType": 0,
      "_context": Object {},
      "_currentElement": <I18nProvider
        lang="en_US"
        locales={
                Object {
                        "greeting": "Hello {name}",
                      }
        }
/>,
      "_debugID": 1,
      "_hostContainerInfo": null,
      "_hostParent": null,
      "_instance": I18nProvider {
        "_reactInternalInstance": [Circular],
        "context": Object {},
        "getI18nInstance": [Function],
        "props": Object {
          "children": null,
          "lang": "en_US",
          "locales": Object {
            "greeting": "Hello {name}",
          },
        },
        "refs": Object {},
        "state": null,
        "updater": Object {
          "enqueueCallback": [Function],
          "enqueueCallbackInternal": [Function],
          "enqueueElementInternal": [Function],
          "enqueueForceUpdate": [Function],
          "enqueueReplaceState": [Function],
          "enqueueSetState": [Function],
          "isMounted": [Function],
          "validateCallback": [Function],
        },
      },
      "_mountOrder": 1,
      "_pendingCallbacks": null,
      "_pendingElement": null,
      "_pendingForceUpdate": false,
      "_pendingReplaceState": false,
      "_pendingStateQueue": null,
      "_renderedComponent": NoopInternalComponent {
        "_currentElement": null,
        "_debugID": 2,
        "_renderedOutput": null,
      },
      "_renderedNodeType": 2,
      "_rootNodeID": 0,
      "_topLevelWrapper": null,
      "_updateBatchNumber": null,
      "_warnedAboutRefsInRender": false,
    },
    "getRenderOutput": [Function],
    "render": [Function],
  },
  "root": [Circular],
  "unrendered": <I18nProvider
    lang="en_US"
    locales={
        Object {
            "greeting": "Hello {name}",
          }
    }
/>,
}
`;
