// Jest Snapshot v1, https://goo.gl/fbAQLP

exports[`<NavigatorLogo /> should not render anything 1`] = `null`;

exports[`<NavigatorLogo /> should render an image 1`] = `
<img
  alt="Logo"
  className="m-12px_auto"
  src="https://upload.wikimedia.org/wikipedia/commons/a/a6/Logo_NIKE.svg"
/>
`;
