// Jest Snapshot v1, https://goo.gl/fbAQLP

exports[`<Backdrop /> should render 1`] = `
<div
  aria-hidden={true}
  className={
    Object {
      "data-css-hlk66h": "",
    }
  }
  onClick={[Function]}
  style={
    Object {
      "background": "#000",
      "opacity": 0.5,
      "zIndex": 2,
    }
  }
/>
`;
