// Jest Snapshot v1, https://goo.gl/fbAQLP

exports[`<RootCategory> page should render 1`] = `
<RootCategory
  categories={
    Array [
      Object {
        "children": Array [],
        "childrenCount": 0,
        "childrenSort": "import",
        "description": "",
        "expires": 9999999999999,
        "externalUrl": "http://material-fashion.myshopify.com/collections/men",
        "id": "men",
        "imageUrl": "https://shopgate-public.s3.amazonaws.com/categories/24453/1346609@2x.jpg",
        "isFetching": false,
        "name": "Men",
        "parent": Object {
          "id": null,
          "name": "Default- category",
        },
        "path": "Men",
        "productCount": 6,
        "sort": 0,
      },
      Object {
        "children": Array [],
        "childrenCount": 1,
        "childrenSort": "import",
        "description": "",
        "expires": 9999999999999,
        "externalUrl": "http://material-fashion.myshopify.com/collections/women",
        "id": "women",
        "imageUrl": "https://shopgate-public.s3.amazonaws.com/categories/24453/1346610@2x.jpg",
        "isFetching": false,
        "name": "Women",
        "parent": Object {
          "id": null,
          "name": "Default- category",
        },
        "path": "Women",
        "productCount": 6,
        "sort": 0,
      },
    ]
  }
  open={true}
>
  <MockedView>
    <div>
      <CategoryList
        categories={
          Array [
            Object {
              "children": Array [],
              "childrenCount": 0,
              "childrenSort": "import",
              "description": "",
              "expires": 9999999999999,
              "externalUrl": "http://material-fashion.myshopify.com/collections/men",
              "id": "men",
              "imageUrl": "https://shopgate-public.s3.amazonaws.com/categories/24453/1346609@2x.jpg",
              "isFetching": false,
              "name": "Men",
              "parent": Object {
                "id": null,
                "name": "Default- category",
              },
              "path": "Men",
              "productCount": 6,
              "sort": 0,
            },
            Object {
              "children": Array [],
              "childrenCount": 1,
              "childrenSort": "import",
              "description": "",
              "expires": 9999999999999,
              "externalUrl": "http://material-fashion.myshopify.com/collections/women",
              "id": "women",
              "imageUrl": "https://shopgate-public.s3.amazonaws.com/categories/24453/1346610@2x.jpg",
              "isFetching": false,
              "name": "Women",
              "parent": Object {
                "id": null,
                "name": "Default- category",
              },
              "path": "Women",
              "productCount": 6,
              "sort": 0,
            },
          ]
        }
      >
        <List
          hasImages={false}
        >
          <List
            className=""
          >
            <ul
              className="css-gkw1j5 "
            >
              <ListItem
                className="css-1nftllw css-1ym3l2n"
                isSelected={false}
                key="child-0/.$men"
              >
                <li
                  className="css-1p5q8vq css-1nftllw css-1ym3l2n css-16gj3o1"
                >
                  <div
                    className="css-1ckzvk7"
                  >
                    <Portal
                      key="men"
                      name="category.item"
                      props={
                        Object {
                          "categoryId": "men",
                        }
                      }
                    >
                      <ListItem
                        link="/category/6d656e"
                        title="Men"
                      >
                        <div />
                      </ListItem>
                    </Portal>
                  </div>
                </li>
              </ListItem>
              <ListItem
                className="css-1nftllw"
                isSelected={false}
                key="child-1/.$women"
              >
                <li
                  className="css-1p5q8vq css-1nftllw css-16gj3o1"
                >
                  <div
                    className="css-1ckzvk7"
                  >
                    <Portal
                      key="women"
                      name="category.item"
                      props={
                        Object {
                          "categoryId": "women",
                        }
                      }
                    >
                      <ListItem
                        link="/category/776f6d656e"
                        title="Women"
                      >
                        <div />
                      </ListItem>
                    </Portal>
                  </div>
                </li>
              </ListItem>
            </ul>
          </List>
        </List>
      </CategoryList>
    </div>
  </MockedView>
</RootCategory>
`;

exports[`<RootCategory> page should render empty 1`] = `
<RootCategory
  categories={null}
  open={true}
>
  <MockedView>
    <div />
  </MockedView>
</RootCategory>
`;
