// Jest Snapshot v1, https://goo.gl/fbAQLP

exports[`<SearchField /> should render the search field 1`] = `
<div>
  <div
    className="css-1jyozbi"
  >
    <div
      className="css-1utu657"
    >
      <form
        action="."
        onSubmit={[Function]}
      >
        <label
          className="css-y5wpat"
          htmlFor="search"
        >
          <div
            className="css-tzdtea"
          >
            <Magnifier />
          </div>
        </label>
        <Component
          autoComplete={false}
          className="css-1yoassp"
          onChange={[Function]}
          onFocusChange={[Function]}
          onSubmit={[Function]}
          setRef={[Function]}
          type="search"
          value="foo"
        />
      </form>
    </div>
    <div>
      <button
        className="css-hnvv5u css-gyrv08"
        onClick={[Function]}
      >
        <Translate
          className=""
          params={Object {}}
          string="search.cancel"
        />
      </button>
    </div>
  </div>
</div>
`;
