// Jest Snapshot v1, https://goo.gl/fbAQLP

exports[`<ButtonLink> On click action should create component and open page on click 1`] = `
<ActionButton
  className=""
  disabled={false}
  flat={true}
  loading={false}
  noGap={false}
  onClick={[Function]}
  rippleClassName=""
  rippleSize={null}
  testId={null}
  type="secondary"
  wrapContent={true}
>
  Text inside
</ActionButton>
`;
