// Jest Snapshot v1, https://goo.gl/fbAQLP

exports[`<LiveshoppingWidget /> should not render the widget without any data 1`] = `""`;

exports[`<LiveshoppingWidget /> should render the widget with no slider for one product 1`] = `
<LiveshoppingWidget
  getLiveshoppingProducts={[Function]}
  products={
    Array [
      Object {
        "featuredImageUrl": "http://placekitten.com/300/300",
        "id": "1234",
        "liveshoppings": Array [
          Object {
            "from": 0,
            "to": 123456789,
          },
        ],
        "name": "First product",
        "price": Object {
          "currency": "EUR",
          "unitPrice": 100,
          "unitPriceMin": 0,
          "unitPriceStriked": 20,
        },
      },
    ]
  }
  settings={Object {}}
>
  <div
    className="css-9a70pf"
  >
    <ImageSlider
      autoPlay={false}
      className=""
      classNames={
        Object {
          "indicator": Object {
            "bottom": 0,
            "left": 0,
            "position": "relative",
            "textAlign": "center",
            "transform": "translateX(0)",
          },
        }
      }
      controls={false}
      disabled={false}
      indicators={true}
      initialSlide={0}
      interval={3000}
      loop={true}
      onSlideChange={null}
      slidesPerView={1}
      snapItems={true}
    >
      <div
        className="css-1allyey"
        key=".$1234"
      >
        <Card
          className=""
        >
          <div
            className="css-1l0if7f "
          >
            <Link
              className=""
              href="/item/31323334"
            >
              <div
                className="css-c6ki83 "
                onClick={[Function]}
                role="link"
              >
                <Grid
                  className=""
                  component="ul"
                  wrap={false}
                >
                  <ul
                    className=" css-h7r55a"
                  >
                    <GridItem
                      className="css-cx3b8y"
                      component="li"
                      grow={0}
                      shrink={1}
                    >
                      <li
                        className="css-cx3b8y"
                      >
                        <ProductImage
                          alt="First product"
                          animating={true}
                          forcePlaceholder={false}
                          highestResolutionLoaded={[Function]}
                          ratio={null}
                          resolutions={
                            Array [
                              Object {
                                "blur": 2,
                                "height": 50,
                                "width": 50,
                              },
                              Object {
                                "height": 440,
                                "width": 440,
                              },
                            ]
                          }
                          src="http://placekitten.com/300/300"
                        >
                          <Image
                            alt="First product"
                            animating={true}
                            backgroundColor="#f2f2f2"
                            className=""
                            forcePlaceholder={false}
                            highestResolutionLoaded={[Function]}
                            onError={[Function]}
                            onLoad={null}
                            ratio={null}
                            resolutions={
                              Array [
                                Object {
                                  "blur": 2,
                                  "height": 50,
                                  "width": 50,
                                },
                                Object {
                                  "height": 440,
                                  "width": 440,
                                },
                              ]
                            }
                            src="http://placekitten.com/300/300"
                            transition={null}
                          >
                            <div
                              className="css-326p2s "
                            />
                          </Image>
                        </ProductImage>
                      </li>
                    </GridItem>
                    <GridItem
                      className="css-kv3zc"
                      component="li"
                      grow={0}
                      shrink={1}
                    >
                      <li
                        className="css-kv3zc"
                      >
                        <Ellipsis
                          className="css-d6bxso"
                          ellipsis="..."
                          rows={2}
                        >
                          <Dotdotdot
                            clamp={2}
                            className="css-d6bxso"
                            ellipsis="..."
                            truncationChar="â€¦"
                            useNativeClamp={true}
                          >
                            <div
                              className="css-d6bxso"
                            >
                              First product
                            </div>
                          </Dotdotdot>
                        </Ellipsis>
                        <div
                          className="css-10qwozm"
                        >
                          <Grid
                            className="css-1nehkc5"
                            component="ul"
                            wrap={false}
                          >
                            <ul
                              className="css-1nehkc5 css-h7r55a"
                            >
                              <GridItem
                                className="css-1gs0ko2"
                                component="li"
                                grow={0}
                                shrink={1}
                              >
                                <li
                                  className="css-1gs0ko2"
                                >
                                  <PriceStriked
                                    className="css-osh41h"
                                    currency="EUR"
                                    value={20}
                                  >
                                    <div
                                      className="css-19vba8m css-osh41h "
                                    >
                                      <span>
                                        <FormatPrice
                                          currency="EUR"
                                          fractions={true}
                                          price={20}
                                        >
                                          <span>
                                            20
                                          </span>
                                        </FormatPrice>
                                      </span>
                                    </div>
                                  </PriceStriked>
                                </li>
                              </GridItem>
                              <GridItem
                                className="css-hhr8nm"
                                component="li"
                                grow={0}
                                shrink={1}
                              >
                                <li
                                  className="css-hhr8nm"
                                >
                                  <Price
                                    className="css-1n6sgpj"
                                    currency="EUR"
                                    discounted={false}
                                    fractions={true}
                                    unitPrice={100}
                                    unitPriceMin={0}
                                  >
                                    <div
                                      className="css-xm5bud css-1n6sgpj"
                                    >
                                      <FormatPrice
                                        currency="EUR"
                                        fractions={true}
                                        price={100}
                                      >
                                        <span>
                                          100
                                        </span>
                                      </FormatPrice>
                                    </div>
                                  </Price>
                                </li>
                              </GridItem>
                            </ul>
                          </Grid>
                        </div>
                      </li>
                    </GridItem>
                  </ul>
                </Grid>
              </div>
            </Link>
          </div>
        </Card>
      </div>
    </ImageSlider>
  </div>
</LiveshoppingWidget>
`;
