// Jest Snapshot v1, https://goo.gl/fbAQLP

exports[`<TaxDisclaimer /> should display null 1`] = `""`;

exports[`<TaxDisclaimer /> should display the component 1`] = `
<div
  data-test-id="taxDisclaimer"
>
  <Translate
    className="css-fazkyv"
    params={Object {}}
    string="product.tax_disclaimer"
  />
</div>
`;
