// Jest Snapshot v1, https://goo.gl/fbAQLP

exports[`<ImageSlider /> should not use a slider for only one image 1`] = `
<ImageSlider
  autoPlay={false}
  className=""
  classNames={Object {}}
  controls={false}
  disabled={false}
  indicators={false}
  initialSlide={0}
  interval={3000}
  loop={false}
  onSlideChange={null}
  slidesPerView={1}
  snapItems={true}
>
  <Image
    alt={null}
    animating={true}
    backgroundColor="#f2f2f2"
    className=""
    forcePlaceholder={false}
    highestResolutionLoaded={[Function]}
    onError={null}
    onLoad={null}
    ratio={null}
    resolutions={
      Array [
        Object {
          "blur": 2,
          "height": 50,
          "width": 50,
        },
        Object {
          "height": 440,
          "width": 440,
        },
      ]
    }
    src="foo/bar"
    transition={null}
  >
    <div
      className="position-relative b-f2f2f2 z-index-0 _before-d-block _before-content-__ _before-w-100P _before-pt-100p000P "
    />
  </Image>
</ImageSlider>
`;
